// Jest Snapshot v1, https://goo.gl/fbAQLP

exports[`Test Welcome  renders Welcome 1`] = `
Array [
  <header>
    <div
      className="bcg_container"
    >
      <section
        className="upper_pane"
      >
        <section
          className="logo"
        >
          <span
            className="red_font red_font_bold"
          >
            netflix
          </span>
          <span
            className="red_font"
          >
            roulette
          </span>
        </section>
        <button
          className="add_movie_button"
          onClick={[Function]}
          role="add_movie"
          type="button"
        >
          Add Movie
        </button>
      </section>
      <section
        className="search_pane"
      >
        <h2>
          FIND YOUR MOVIE
        </h2>
        <div>
          <input
            onChange={[Function]}
            placeholder="What do you want to watch?"
            role="search_movie"
            type="search"
            value=""
          />
          <a
            href="/search_result/"
            onClick={[Function]}
          >
            <button
              onClick={[Function]}
              role="search"
              type="button"
            >
              Search
            </button>
          </a>
        </div>
      </section>
    </div>
  </header>,
  <nav>
    <ul
      className="menu"
    >
      <a
        href="/search_result"
        onClick={[Function]}
      >
        <li
          onClick={[Function]}
          value="All"
        >
          All
        </li>
      </a>
      <a
        href="/search_result"
        onClick={[Function]}
      >
        <li
          onClick={[Function]}
          value="Documentary"
        >
          Documentary
        </li>
      </a>
      <a
        href="/search_result"
        onClick={[Function]}
      >
        <li
          onClick={[Function]}
          value="Comedy"
        >
          Comedy
        </li>
      </a>
      <a
        href="/search_result"
        onClick={[Function]}
      >
        <li
          onClick={[Function]}
          value="Horror"
        >
          Horror
        </li>
      </a>
      <a
        href="/search_result"
        onClick={[Function]}
      >
        <li
          onClick={[Function]}
          value="Crime"
        >
          Crime
        </li>
      </a>
    </ul>
    <section
      className="sort_section"
    >
      <span
        className="sort_title"
      >
        SORT BY
      </span>
      <div
        className="dropdown-container"
      >
        <select
          className="select-css"
          onChange={[Function]}
        >
          <option
            value="genre"
          >
            genre
          </option>
          <option
            value="rating"
          >
            rating
          </option>
          <option
            value="release date"
          >
            release date
          </option>
        </select>
        <div
          className="select-icon"
        >
          <span>
            â–²
          </span>
        </div>
      </div>
    </section>
  </nav>,
  <section>
    <h1>
      Start movie search
    </h1>
  </section>,
]
`;
